C251 COMPILER V5.60.0,  encoder                                                            14/03/22  14:46:07  PAGE 1   


C251 COMPILER V5.60.0, COMPILATION OF MODULE encoder
OBJECT MODULE PLACED IN .\Output\encoder.obj
COMPILER INVOKED BY: C:\Keil_v5\C251\BIN\C251.EXE User\encoder.c XSMALL INTR2 WARNINGLEVEL(3) BROWSE INCDIR(.\Code;.\Lib
                    -\libraries;.\Lib\seekfree_libraries;.\Lib\seekfree_peripheral;.\User) DEFINE(USE_8701E) DEBUG PRINT(.\Output\encoder.lst
                    -) OBJECT(.\Output\encoder.obj) 

stmt  level    source

    1          /*  code=utf-8
    2              Project Hikari 编码器驱动
    3          */
    4          #include "encoder.h"
    5          
    6          //初始化编码器输入
    7          void encoderInit(void)
    8          {
    9   1          ctimer_count_init(Encoder0_Pluse);
   10   1          ctimer_count_init(Encoder1_Pluse);
   11   1      }
   12          //读出编码器值
   13          int16 getEncoder0Data(void)
   14          {
   15   1          int16 tmp = ctimer_count_read(Encoder0_Pluse);
   16   1          ctimer_count_clean(Encoder0_Pluse);
   17   1          return sig(Encoder0_Dir) * tmp;
   18   1      }
   19          int16 getEncoder1Data(void)
   20          {
   21   1          int16 tmp = ctimer_count_read(Encoder1_Pluse);
   22   1          ctimer_count_clean(Encoder1_Pluse);
   23   1          return sig(Encoder1_Dir) * tmp;
   24   1      }


Module Information          Static   Overlayable
------------------------------------------------
  code size            =        84     ------
  ecode size           =    ------     ------
  data size            =    ------     ------
  idata size           =    ------     ------
  pdata size           =    ------     ------
  xdata size           =    ------     ------
  xdata-const size     =    ------     ------
  edata size           =    ------     ------
  bit size             =    ------     ------
  ebit size            =    ------     ------
  bitaddressable size  =    ------     ------
  ebitaddressable size =    ------     ------
  far data size        =    ------     ------
  huge data size       =    ------     ------
  const size           =    ------     ------
  hconst size          =    ------     ------
End of Module Information.


C251 COMPILATION COMPLETE.  0 WARNING(S),  0 ERROR(S)
